
连接器　版本8.7.7.181026
Input Object File: F:\2_Source\NW1951_NW2018_20SOP 上海佳点 BBU 控制器-V00\CODE\output\INITIAL.OBJ
Input Object File: F:\2_Source\NW1951_NW2018_20SOP 上海佳点 BBU 控制器-V00\CODE\output\INTERRUPT.OBJ
Input Object File: F:\2_Source\NW1951_NW2018_20SOP 上海佳点 BBU 控制器-V00\CODE\output\MAIN.OBJ
Input Object File: F:\2_Source\NW1951_NW2018_20SOP 上海佳点 BBU 控制器-V00\CODE\output\VARIANTS.OBJ
Input Object File: F:\2_Source\NW1951_NW2018_20SOP 上海佳点 BBU 控制器-V00\CODE\output\STARTUP1_L.OBJ
Input Object File: F:\2_Source\NW1951_NW2018_20SOP 上海佳点 BBU 控制器-V00\CODE\output\FUNCTION.OBJ
Input Object File: F:\2_Source\NW1951_NW2018_20SOP 上海佳点 BBU 控制器-V00\CODE\output\ADC.OBJ
Input Object File: F:\2_Source\NW1951_NW2018_20SOP 上海佳点 BBU 控制器-V00\CODE\output\UART.OBJ
Input Object File: F:\2_Source\NW1951_NW2018_20SOP 上海佳点 BBU 控制器-V00\CODE\output\EEPROM.OBJ
Input Object File: F:\2_Source\NW1951_NW2018_20SOP 上海佳点 BBU 控制器-V00\CODE\output\KEY.OBJ

Input Library File: C:\Program Files\Holtek MCU Development Tools\HT-IDE3000V7.x\LIB\LIBHOLTEKGCC.LIB
Input Library File: C:\Program Files\Holtek MCU Development Tools\HT-IDE3000V7.x\LIB\v3_lmrsc.lib


     Bank    Start     End      Length     Class    AvgIns    Name
     00h     0000h     0000h    0001h      CODE               @code (F:\2_Source\NW1951_NW2018_20SOP 上海佳点 BBU 控制器-V00\CODE\output\MAIN.OBJ)
     00h     0001h     0006h    0006h      CODE               _builtin_holtek_ftinf (C:\Program Files\Holtek MCU Development Tools\HT-IDE3000V7.x\LIB\LIBHOLTEKGCC.LIB)
     00h     0008h     0008h    0001h      CODE               @Interrupt_CMP0_SYNC_ISR_code (F:\2_Source\NW1951_NW2018_20SOP 上海佳点 BBU 控制器-V00\CODE\output\INTERRUPT.OBJ)
     00h     0009h     0009h    0001h      CODE               @start (F:\2_Source\NW1951_NW2018_20SOP 上海佳点 BBU 控制器-V00\CODE\output\MAIN.OBJ)
     00h     000ch     000ch    0001h      CODE               @Interrupt_CMP1_OV_ISR_code (F:\2_Source\NW1951_NW2018_20SOP 上海佳点 BBU 控制器-V00\CODE\output\INTERRUPT.OBJ)
     00h     000dh     000fh    0003h      CODE               _PCK_INITIAL (F:\2_Source\NW1951_NW2018_20SOP 上海佳点 BBU 控制器-V00\CODE\output\INITIAL.OBJ)
     00h     0010h     0010h    0001h      CODE               @Interrupt_CMP2_ZC_ISR_code (F:\2_Source\NW1951_NW2018_20SOP 上海佳点 BBU 控制器-V00\CODE\output\INTERRUPT.OBJ)
     00h     0011h     0013h    0003h      CODE               _CROM2PROM (CROM2PROM)
     00h     0014h     0014h    0001h      CODE               @Interrupt_CMP3_VSUG_ISR_code (F:\2_Source\NW1951_NW2018_20SOP 上海佳点 BBU 控制器-V00\CODE\output\INTERRUPT.OBJ)
     00h     0018h     0018h    0001h      CODE               @Interrupt_CMP4_OC_ISR_code (F:\2_Source\NW1951_NW2018_20SOP 上海佳点 BBU 控制器-V00\CODE\output\INTERRUPT.OBJ)
     00h     001ch     001ch    0001h      CODE               @Interrupt_SYNC_ISR_code (F:\2_Source\NW1951_NW2018_20SOP 上海佳点 BBU 控制器-V00\CODE\output\INTERRUPT.OBJ)
     00h     001dh     0023h    0007h      CODE               _builtin_holtek_dtinf (C:\Program Files\Holtek MCU Development Tools\HT-IDE3000V7.x\LIB\LIBHOLTEKGCC.LIB)
     00h     0024h     0027h    0004h      CODE               @Interrupt_PTM0_CCRA_code (F:\2_Source\NW1951_NW2018_20SOP 上海佳点 BBU 控制器-V00\CODE\output\INTERRUPT.OBJ)
     00h     0028h     0028h    0001h      CODE               @Interrupt_TB1_ISR_code (F:\2_Source\NW1951_NW2018_20SOP 上海佳点 BBU 控制器-V00\CODE\output\INTERRUPT.OBJ)
     00h     002ch     002ch    0001h      CODE               @Interrupt_TMR_ISR_code (F:\2_Source\NW1951_NW2018_20SOP 上海佳点 BBU 控制器-V00\CODE\output\INTERRUPT.OBJ)
     00h     002dh     0033h    0007h      CODE               _ADC_INITIAL (F:\2_Source\NW1951_NW2018_20SOP 上海佳点 BBU 控制器-V00\CODE\output\INITIAL.OBJ)
     00h     0034h     0037h    0004h      CODE               @Interrupt_CTM0_CCRA_code (F:\2_Source\NW1951_NW2018_20SOP 上海佳点 BBU 控制器-V00\CODE\output\INTERRUPT.OBJ)
     00h     0038h     003bh    0004h      CODE               @Interrupt_CTM1_CCRA_code (F:\2_Source\NW1951_NW2018_20SOP 上海佳点 BBU 控制器-V00\CODE\output\INTERRUPT.OBJ)
     00h     003ch     003fh    0004h      CODE               @Interrupt_INT1_LVD_code (F:\2_Source\NW1951_NW2018_20SOP 上海佳点 BBU 控制器-V00\CODE\output\INTERRUPT.OBJ)
     00h     0040h     0073h    0034h      CODE               @builtin_holtek_ftsubadd (C:\Program Files\Holtek MCU Development Tools\HT-IDE3000V7.x\LIB\LIBHOLTEKGCC.LIB)
     00h     0074h     00b1h    003eh      CODE               @builtin_holtek_dtsubadd (C:\Program Files\Holtek MCU Development Tools\HT-IDE3000V7.x\LIB\LIBHOLTEKGCC.LIB)
     00h     00b2h     00e3h    0032h      CODE               _builtin_holtek_ftdiv (C:\Program Files\Holtek MCU Development Tools\HT-IDE3000V7.x\LIB\LIBHOLTEKGCC.LIB)
     00h     00e4h     00f0h    000dh      CODE               itofaz (C:\Program Files\Holtek MCU Development Tools\HT-IDE3000V7.x\LIB\LIBHOLTEKGCC.LIB)
     00h     00f1h     0106h    0016h      CODE               @builtin_holtek_ftdecode (C:\Program Files\Holtek MCU Development Tools\HT-IDE3000V7.x\LIB\LIBHOLTEKGCC.LIB)
     00h     0107h     0135h    002fh      CODE               _builtin_holtek_ftnorm (C:\Program Files\Holtek MCU Development Tools\HT-IDE3000V7.x\LIB\LIBHOLTEKGCC.LIB)
     00h     0136h     014dh    0018h      CODE               @builtin_holtek_dtdecode (C:\Program Files\Holtek MCU Development Tools\HT-IDE3000V7.x\LIB\LIBHOLTEKGCC.LIB)
     00h     014eh     0181h    0034h      CODE               _builtin_holtek_dtnorm (C:\Program Files\Holtek MCU Development Tools\HT-IDE3000V7.x\LIB\LIBHOLTEKGCC.LIB)
     00h     0182h     0268h    00e7h      CODE               _Sub_CMPx_Calibration (F:\2_Source\NW1951_NW2018_20SOP 上海佳点 BBU 控制器-V00\CODE\output\INITIAL.OBJ)
     00h     0269h     027eh    0016h      CODE               _Sub_CMPx_Initialation (F:\2_Source\NW1951_NW2018_20SOP 上海佳点 BBU 控制器-V00\CODE\output\INITIAL.OBJ)
     00h     027fh     02ach    002eh      CODE               _OPA_CMPx_INITIAL (F:\2_Source\NW1951_NW2018_20SOP 上海佳点 BBU 控制器-V00\CODE\output\INITIAL.OBJ)
     00h     02adh     02bah    000eh      CODE               _SYS_INITIAL (F:\2_Source\NW1951_NW2018_20SOP 上海佳点 BBU 控制器-V00\CODE\output\INITIAL.OBJ)
     00h     02bbh     02d9h    001fh      CODE               _IO_INITIAL (F:\2_Source\NW1951_NW2018_20SOP 上海佳点 BBU 控制器-V00\CODE\output\INITIAL.OBJ)
     00h     02dah     02e2h    0009h      CODE               _INTERRUPT_INITIAL (F:\2_Source\NW1951_NW2018_20SOP 上海佳点 BBU 控制器-V00\CODE\output\INITIAL.OBJ)
     00h     02e3h     02f8h    0016h      CODE               _RAM_INITIAL (F:\2_Source\NW1951_NW2018_20SOP 上海佳点 BBU 控制器-V00\CODE\output\INITIAL.OBJ)
     00h     02f9h     0307h    000fh      CODE               _PPG_INITIAL (F:\2_Source\NW1951_NW2018_20SOP 上海佳点 BBU 控制器-V00\CODE\output\INITIAL.OBJ)
     00h     0308h     030ch    0005h      CODE               _TMR_INITIAL (F:\2_Source\NW1951_NW2018_20SOP 上海佳点 BBU 控制器-V00\CODE\output\INITIAL.OBJ)
     00h     030dh     031ah    000eh      CODE               _CTM0_INITIAL (F:\2_Source\NW1951_NW2018_20SOP 上海佳点 BBU 控制器-V00\CODE\output\INITIAL.OBJ)
     00h     031bh     0322h    0008h      CODE               _RESET_INITIAL (F:\2_Source\NW1951_NW2018_20SOP 上海佳点 BBU 控制器-V00\CODE\output\INITIAL.OBJ)
     00h     0323h     032eh    000ch      CODE               _CTM1_INITIAL (F:\2_Source\NW1951_NW2018_20SOP 上海佳点 BBU 控制器-V00\CODE\output\INITIAL.OBJ)
     00h     032fh     0376h    0048h      CODE               _user_initial (F:\2_Source\NW1951_NW2018_20SOP 上海佳点 BBU 控制器-V00\CODE\output\INITIAL.OBJ)
     00h     0377h     037dh    0007h      CODE               _Interrupt_PTM0_CCRA (F:\2_Source\NW1951_NW2018_20SOP 上海佳点 BBU 控制器-V00\CODE\output\INTERRUPT.OBJ)
     00h     037eh     03f6h    0079h      CODE               _Interrupt_CTM0_CCRA (F:\2_Source\NW1951_NW2018_20SOP 上海佳点 BBU 控制器-V00\CODE\output\INTERRUPT.OBJ)
     00h     03f7h     03fdh    0007h      CODE               _Interrupt_CTM1_CCRA (F:\2_Source\NW1951_NW2018_20SOP 上海佳点 BBU 控制器-V00\CODE\output\INTERRUPT.OBJ)
     00h     03feh     0403h    0006h      CODE               _Interrupt_INT1_LVD (F:\2_Source\NW1951_NW2018_20SOP 上海佳点 BBU 控制器-V00\CODE\output\INTERRUPT.OBJ)
     00h     0404h     0432h    002fh      CODE               _main (F:\2_Source\NW1951_NW2018_20SOP 上海佳点 BBU 控制器-V00\CODE\output\MAIN.OBJ)
     00h     0433h     043eh    000ch      CODE               _Delay_100XuS (F:\2_Source\NW1951_NW2018_20SOP 上海佳点 BBU 控制器-V00\CODE\output\FUNCTION.OBJ)
     00h     043fh     047ah    003ch      CODE               _bbu_detetedmode (F:\2_Source\NW1951_NW2018_20SOP 上海佳点 BBU 控制器-V00\CODE\output\FUNCTION.OBJ)
     00h     047bh     0496h    001ch      CODE               _bbu_poweroff (F:\2_Source\NW1951_NW2018_20SOP 上海佳点 BBU 控制器-V00\CODE\output\FUNCTION.OBJ)
     00h     0497h     0577h    00e1h      CODE               _bbu_charge (F:\2_Source\NW1951_NW2018_20SOP 上海佳点 BBU 控制器-V00\CODE\output\FUNCTION.OBJ)
     00h     0578h     062dh    00b6h      CODE               _bbu_discharge (F:\2_Source\NW1951_NW2018_20SOP 上海佳点 BBU 控制器-V00\CODE\output\FUNCTION.OBJ)
     00h     062eh     0659h    002ch      CODE               _bbu_safety (F:\2_Source\NW1951_NW2018_20SOP 上海佳点 BBU 控制器-V00\CODE\output\FUNCTION.OBJ)
     00h     065ah     0698h    003fh      CODE               _led_display (F:\2_Source\NW1951_NW2018_20SOP 上海佳点 BBU 控制器-V00\CODE\output\FUNCTION.OBJ)
     00h     0699h     0741h    00a9h      CODE               _dtob (F:\2_Source\NW1951_NW2018_20SOP 上海佳点 BBU 控制器-V00\CODE\output\FUNCTION.OBJ)
     00h     0742h     07c0h    007fh      CODE               _get_calibration_factor (F:\2_Source\NW1951_NW2018_20SOP 上海佳点 BBU 控制器-V00\CODE\output\FUNCTION.OBJ)
     00h     07c1h     0809h    0049h      CODE               _get_calibration (F:\2_Source\NW1951_NW2018_20SOP 上海佳点 BBU 控制器-V00\CODE\output\FUNCTION.OBJ)
     00h     080ah     0836h    002dh      CODE               _ADC_Read (F:\2_Source\NW1951_NW2018_20SOP 上海佳点 BBU 控制器-V00\CODE\output\ADC.OBJ)
     00h     0837h     08b5h    007fh      CODE               _GetBattery_Level (F:\2_Source\NW1951_NW2018_20SOP 上海佳点 BBU 控制器-V00\CODE\output\ADC.OBJ)
     00h     08b6h     08c8h    0013h      CODE               _EEPROM_Read (F:\2_Source\NW1951_NW2018_20SOP 上海佳点 BBU 控制器-V00\CODE\output\EEPROM.OBJ)
     00h     08c9h     08dch    0014h      CODE               _EEPROM_Write (F:\2_Source\NW1951_NW2018_20SOP 上海佳点 BBU 控制器-V00\CODE\output\EEPROM.OBJ)
     00h     08ddh     0908h    002ch      CODE               _User_config_Read (F:\2_Source\NW1951_NW2018_20SOP 上海佳点 BBU 控制器-V00\CODE\output\EEPROM.OBJ)
     00h     0909h     0921h    0019h      CODE               _User_config_store (F:\2_Source\NW1951_NW2018_20SOP 上海佳点 BBU 控制器-V00\CODE\output\EEPROM.OBJ)
     00h     0922h     0946h    0025h      CODE               _key_scan (F:\2_Source\NW1951_NW2018_20SOP 上海佳点 BBU 控制器-V00\CODE\output\KEY.OBJ)
     00h     0947h     0950h    000ah      CODE               __DELAYX (C:\Program Files\Holtek MCU Development Tools\HT-IDE3000V7.x\LIB\LIBHOLTEKGCC.LIB)
     00h     0080h     0080h    0001h      DATA     137       @data_ra (C:\Program Files\Holtek MCU Development Tools\HT-IDE3000V7.x\LIB\LIBHOLTEKGCC.LIB)
     00h     0081h     0081h    0001h      DATA     70        @data_rb (C:\Program Files\Holtek MCU Development Tools\HT-IDE3000V7.x\LIB\LIBHOLTEKGCC.LIB)
     00h     0082h     0082h    0001h      DATA     54        @data_rc (C:\Program Files\Holtek MCU Development Tools\HT-IDE3000V7.x\LIB\LIBHOLTEKGCC.LIB)
     00h     0083h     0083h    0001h      DATA     22        @data_rd (C:\Program Files\Holtek MCU Development Tools\HT-IDE3000V7.x\LIB\LIBHOLTEKGCC.LIB)
     00h     0084h     0084h    0001h      DATA     21        @data_re (C:\Program Files\Holtek MCU Development Tools\HT-IDE3000V7.x\LIB\LIBHOLTEKGCC.LIB)
     00h     0085h     0085h    0001h      DATA     18        @data_rf (C:\Program Files\Holtek MCU Development Tools\HT-IDE3000V7.x\LIB\LIBHOLTEKGCC.LIB)
     00h     0086h     0086h    0001h      DATA     15        @data_rg (C:\Program Files\Holtek MCU Development Tools\HT-IDE3000V7.x\LIB\LIBHOLTEKGCC.LIB)
     00h     0087h     0087h    0001h      DATA     3         @data_rh (C:\Program Files\Holtek MCU Development Tools\HT-IDE3000V7.x\LIB\LIBHOLTEKGCC.LIB)
     00h     0088h     008dh    0006h      DATA     32.5      ftdata1 (C:\Program Files\Holtek MCU Development Tools\HT-IDE3000V7.x\LIB\LIBHOLTEKGCC.LIB)
     00h     008eh     0094h    0007h      DATA     11.857    ftdata2 (C:\Program Files\Holtek MCU Development Tools\HT-IDE3000V7.x\LIB\LIBHOLTEKGCC.LIB)
     00h     0095h     0097h    0003h      DATA     9.3333    dtdata (C:\Program Files\Holtek MCU Development Tools\HT-IDE3000V7.x\LIB\LIBHOLTEKGCC.LIB)
     00h     0098h     0098h    0001h      DATA     2         @data_r124 (isr:ra~rh)
     00h     0099h     0099h    0001h      DATA     2         @data_r224 (isr:ra~rh)
     00h     009ah     009ah    0001h      DATA     2         @data_r134 (isr:ra~rh)
     00h     009bh     009bh    0001h      DATA     2         @data_r234 (isr:ra~rh)
     00h     009ch     009ch    0001h      DATA     15        @data_ra34 (isr:ra~rh)
     00h     009dh     009dh    0001h      DATA     6         @data_rb34 (isr:ra~rh)
     00h     009eh     009eh    0001h      DATA     6         @data_rc34 (isr:ra~rh)
     00h     009fh     009fh    0001h      DATA     2         @data_r138 (isr:ra~rh)
     00h     00a0h     00a0h    0001h      DATA     2         @data_r238 (isr:ra~rh)
     00h     00a1h     00a1h    0001h      DATA     2         @data_r13c (isr:ra~rh)
     00h     00a2h     00a2h    0001h      DATA     2         @data_r23c (isr:ra~rh)
     00h     00ach     00ach    0001h      DATA     41        @HCCINIT0_flag3 (F:\2_Source\NW1951_NW2018_20SOP 上海佳点 BBU 控制器-V00\CODE\output\VARIANTS.OBJ)
     00h     00adh     00adh    0001h      DATA     41        @HCCINIT0_flag0 (F:\2_Source\NW1951_NW2018_20SOP 上海佳点 BBU 控制器-V00\CODE\output\VARIANTS.OBJ)
     00h     00aeh     00aeh    0001h      DATA     28        @HCCINIT0_flag1 (F:\2_Source\NW1951_NW2018_20SOP 上海佳点 BBU 控制器-V00\CODE\output\VARIANTS.OBJ)
     00h     00afh     00afh    0001h      DATA     19        @HCCINIT0_R_workmode (F:\2_Source\NW1951_NW2018_20SOP 上海佳点 BBU 控制器-V00\CODE\output\VARIANTS.OBJ)
     00h     00b0h     00b0h    0001h      DATA     15        @HCCINIT0_flag2 (F:\2_Source\NW1951_NW2018_20SOP 上海佳点 BBU 控制器-V00\CODE\output\VARIANTS.OBJ)
     00h     00b1h     00b1h    0001h      DATA     15        @HCCINIT0_flagtime (F:\2_Source\NW1951_NW2018_20SOP 上海佳点 BBU 控制器-V00\CODE\output\VARIANTS.OBJ)
     00h     00b2h     00b3h    0002h      DATA     14        @HCCINIT0_R_intADC_Vbat (F:\2_Source\NW1951_NW2018_20SOP 上海佳点 BBU 控制器-V00\CODE\output\VARIANTS.OBJ)
     00h     00b4h     00b5h    0002h      DATA     12        @HCCINIT0_R_intlowv2off_cnt (F:\2_Source\NW1951_NW2018_20SOP 上海佳点 BBU 控制器-V00\CODE\output\VARIANTS.OBJ)
     00h     00b6h     00b6h    0001h      DATA     10        @HCCINIT0_R_calibration_k (F:\2_Source\NW1951_NW2018_20SOP 上海佳点 BBU 控制器-V00\CODE\output\VARIANTS.OBJ)
     00h     00b7h     00b7h    0001h      DATA     10        @HCCINIT0_R_change_cnt (F:\2_Source\NW1951_NW2018_20SOP 上海佳点 BBU 控制器-V00\CODE\output\VARIANTS.OBJ)
     00h     00b8h     00b8h    0001h      DATA     9         @HCCINIT0_R_batlvl_cnt1 (F:\2_Source\NW1951_NW2018_20SOP 上海佳点 BBU 控制器-V00\CODE\output\VARIANTS.OBJ)
     00h     00b9h     00b9h    0001h      DATA     9         @HCCINIT0_R_batlvl_cnt (F:\2_Source\NW1951_NW2018_20SOP 上海佳点 BBU 控制器-V00\CODE\output\VARIANTS.OBJ)
     00h     00bah     00bah    0001h      DATA     6         @HCCINIT0_R_adc_channel (F:\2_Source\NW1951_NW2018_20SOP 上海佳点 BBU 控制器-V00\CODE\output\VARIANTS.OBJ)
     00h     00bbh     00bch    0002h      DATA     6         @HCCINIT0_R_intADC_mot_sum (F:\2_Source\NW1951_NW2018_20SOP 上海佳点 BBU 控制器-V00\CODE\output\VARIANTS.OBJ)
     00h     00bdh     00bdh    0001h      DATA     6         @HCCINIT0_R_ADC_Count (F:\2_Source\NW1951_NW2018_20SOP 上海佳点 BBU 控制器-V00\CODE\output\VARIANTS.OBJ)
     00h     00beh     00bfh    0002h      DATA     6         @HCCINIT0_R_intADC_Sum (F:\2_Source\NW1951_NW2018_20SOP 上海佳点 BBU 控制器-V00\CODE\output\VARIANTS.OBJ)
     00h     00c0h     00c0h    0001h      DATA     6         @HCCINIT0_R_batlvl_cnt3 (F:\2_Source\NW1951_NW2018_20SOP 上海佳点 BBU 控制器-V00\CODE\output\VARIANTS.OBJ)
     00h     00c1h     00c1h    0001h      DATA     6         @HCCINIT0_R_lowI2off_cnt (F:\2_Source\NW1951_NW2018_20SOP 上海佳点 BBU 控制器-V00\CODE\output\VARIANTS.OBJ)
     00h     00c2h     00c2h    0001h      DATA     5         @HCCINIT0_R_calibration_pos (F:\2_Source\NW1951_NW2018_20SOP 上海佳点 BBU 控制器-V00\CODE\output\VARIANTS.OBJ)
     00h     00c3h     00c3h    0001h      DATA     5         @HCCINIT0_R_batchg_cnt (F:\2_Source\NW1951_NW2018_20SOP 上海佳点 BBU 控制器-V00\CODE\output\VARIANTS.OBJ)
     00h     00c4h     00c5h    0002h      DATA     5         @HCCINIT0_R_intsettime (F:\2_Source\NW1951_NW2018_20SOP 上海佳点 BBU 控制器-V00\CODE\output\VARIANTS.OBJ)
     00h     00c6h     00c7h    0002h      DATA     5         @HCCINIT0_R_inttime1min (F:\2_Source\NW1951_NW2018_20SOP 上海佳点 BBU 控制器-V00\CODE\output\VARIANTS.OBJ)
     00h     00c8h     00c8h    0001h      DATA     5         @HCCINIT0_R_time10s (F:\2_Source\NW1951_NW2018_20SOP 上海佳点 BBU 控制器-V00\CODE\output\VARIANTS.OBJ)
     00h     00c9h     00cah    0002h      DATA     4         @HCCINIT0_R_intkeydebounce (F:\2_Source\NW1951_NW2018_20SOP 上海佳点 BBU 控制器-V00\CODE\output\VARIANTS.OBJ)
     00h     00cbh     00cbh    0001h      DATA     4         @HCCINIT0_R_calibration_cnt (F:\2_Source\NW1951_NW2018_20SOP 上海佳点 BBU 控制器-V00\CODE\output\VARIANTS.OBJ)
     00h     00cch     00cch    0001h      DATA     4         @HCCINIT0_R_full_cnt (F:\2_Source\NW1951_NW2018_20SOP 上海佳点 BBU 控制器-V00\CODE\output\VARIANTS.OBJ)
     00h     00cdh     00cdh    0001h      DATA     4         @HCCINIT0_R_charging_cnt (F:\2_Source\NW1951_NW2018_20SOP 上海佳点 BBU 控制器-V00\CODE\output\VARIANTS.OBJ)
     00h     00ceh     00ceh    0001h      DATA     4         @HCCINIT0_R_batlvl_cnt2 (F:\2_Source\NW1951_NW2018_20SOP 上海佳点 BBU 控制器-V00\CODE\output\VARIANTS.OBJ)
     00h     00cfh     00d0h    0002h      DATA     4         @HCCINIT0_R_intchargetime (F:\2_Source\NW1951_NW2018_20SOP 上海佳点 BBU 控制器-V00\CODE\output\VARIANTS.OBJ)
     00h     00d1h     00d1h    0001h      DATA     4         @HCCINIT0_R_time20s (F:\2_Source\NW1951_NW2018_20SOP 上海佳点 BBU 控制器-V00\CODE\output\VARIANTS.OBJ)
     00h     00d2h     00d2h    0001h      DATA     4         @HCCINIT0_R_time3s (F:\2_Source\NW1951_NW2018_20SOP 上海佳点 BBU 控制器-V00\CODE\output\VARIANTS.OBJ)
     00h     00d3h     00d3h    0001h      DATA     4         @HCCINIT0_R_time200ms (F:\2_Source\NW1951_NW2018_20SOP 上海佳点 BBU 控制器-V00\CODE\output\VARIANTS.OBJ)
     00h     00d4h     00d5h    0002h      DATA     3         @HCCINIT0_R_intADC_mot_i (F:\2_Source\NW1951_NW2018_20SOP 上海佳点 BBU 控制器-V00\CODE\output\VARIANTS.OBJ)
     00h     00d6h     00d6h    0001h      DATA     3         @HCCINIT0_R_time500ms (F:\2_Source\NW1951_NW2018_20SOP 上海佳点 BBU 控制器-V00\CODE\output\VARIANTS.OBJ)
     00h     00d7h     00d7h    0001h      DATA     0         @HCCINIT0_R_UartData_Idx (F:\2_Source\NW1951_NW2018_20SOP 上海佳点 BBU 控制器-V00\CODE\output\VARIANTS.OBJ)
     00h     00d8h     00d8h    0001h      DATA     0         @HCCINIT0_R_Uart_active (F:\2_Source\NW1951_NW2018_20SOP 上海佳点 BBU 控制器-V00\CODE\output\VARIANTS.OBJ)
     00h     00d9h     00e0h    0008h      DATA     0         @HCCINIT0_R_UartData_Buf (F:\2_Source\NW1951_NW2018_20SOP 上海佳点 BBU 控制器-V00\CODE\output\VARIANTS.OBJ)
     00h     00e1h     00e1h    0001h      DATA     0         @HCCINIT0_R_UartData (F:\2_Source\NW1951_NW2018_20SOP 上海佳点 BBU 控制器-V00\CODE\output\VARIANTS.OBJ)
     00h     00e2h     00e2h    0001h      DATA     0         @HCCINIT0_R_UartStatus (F:\2_Source\NW1951_NW2018_20SOP 上海佳点 BBU 控制器-V00\CODE\output\VARIANTS.OBJ)
     00h     00e3h     00e3h    0001h      DATA     0         @HCCINIT0_R_iicPoint (F:\2_Source\NW1951_NW2018_20SOP 上海佳点 BBU 控制器-V00\CODE\output\VARIANTS.OBJ)
     00h     00e4h     00ech    0009h      DATA     0         @HCCINIT0_R_IIC_DataBuffer (F:\2_Source\NW1951_NW2018_20SOP 上海佳点 BBU 控制器-V00\CODE\output\VARIANTS.OBJ)
     00h     00edh     00eeh    0002h      DATA     0         @HCCINIT0_R_KeyBuffer (F:\2_Source\NW1951_NW2018_20SOP 上海佳点 BBU 控制器-V00\CODE\output\VARIANTS.OBJ)
     00h     00efh     00f0h    0002h      DATA     0         @HCCINIT0_R_MachinCode (F:\2_Source\NW1951_NW2018_20SOP 上海佳点 BBU 控制器-V00\CODE\output\VARIANTS.OBJ)
     00h     00f1h     00f2h    0002h      DATA     0         @HCCINIT0_R_intADC_charge_i (F:\2_Source\NW1951_NW2018_20SOP 上海佳点 BBU 控制器-V00\CODE\output\VARIANTS.OBJ)
     00h     00f3h     00f3h    0001h      DATA     0         @HCCINIT0_R_time1s (F:\2_Source\NW1951_NW2018_20SOP 上海佳点 BBU 控制器-V00\CODE\output\VARIANTS.OBJ)

     Local Sections

     Bank    Start     End      Length     Class    AvgIns    Name
     00h     00a3h     00a3h    0000h      LOCAL    0         @dummy36 (F:\2_Source\NW1951_NW2018_20SOP 上海佳点 BBU 控制器-V00\CODE\output\INTERRUPT.OBJ)
     00h     00a3h     00a3h    0000h      LOCAL    0         _Interrupt_PTM0_CCRA (F:\2_Source\NW1951_NW2018_20SOP 上海佳点 BBU 控制器-V00\CODE\output\INTERRUPT.OBJ)
     00h     00a3h     00a3h    0000h      LOCAL    0         @dummy52 (F:\2_Source\NW1951_NW2018_20SOP 上海佳点 BBU 控制器-V00\CODE\output\INTERRUPT.OBJ)
     00h     00a3h     00a3h    0000h      LOCAL    0         _Interrupt_CTM0_CCRA (F:\2_Source\NW1951_NW2018_20SOP 上海佳点 BBU 控制器-V00\CODE\output\INTERRUPT.OBJ)
     00h     00a3h     00a3h    0000h      LOCAL    0         @dummy56 (F:\2_Source\NW1951_NW2018_20SOP 上海佳点 BBU 控制器-V00\CODE\output\INTERRUPT.OBJ)
     00h     00a3h     00a3h    0000h      LOCAL    0         _Interrupt_CTM1_CCRA (F:\2_Source\NW1951_NW2018_20SOP 上海佳点 BBU 控制器-V00\CODE\output\INTERRUPT.OBJ)
     00h     00a3h     00a3h    0000h      LOCAL    0         @dummy60 (F:\2_Source\NW1951_NW2018_20SOP 上海佳点 BBU 控制器-V00\CODE\output\INTERRUPT.OBJ)
     00h     00a3h     00a3h    0000h      LOCAL    0         _Interrupt_INT1_LVD (F:\2_Source\NW1951_NW2018_20SOP 上海佳点 BBU 控制器-V00\CODE\output\INTERRUPT.OBJ)
     00h     00ach     00ach    0000h      LOCAL    0         @dummy (F:\2_Source\NW1951_NW2018_20SOP 上海佳点 BBU 控制器-V00\CODE\output\MAIN.OBJ)
     00h     00ach     00ach    0000h      LOCAL    0         _main (F:\2_Source\NW1951_NW2018_20SOP 上海佳点 BBU 控制器-V00\CODE\output\MAIN.OBJ)
     00h     00abh     00abh    0000h      LOCAL    0         _RESET_INITIAL (F:\2_Source\NW1951_NW2018_20SOP 上海佳点 BBU 控制器-V00\CODE\output\INITIAL.OBJ)
     00h     00a3h     00a3h    0000h      LOCAL    0         _SYS_INITIAL (F:\2_Source\NW1951_NW2018_20SOP 上海佳点 BBU 控制器-V00\CODE\output\INITIAL.OBJ)
     00h     00a3h     00a3h    0000h      LOCAL    0         _IO_INITIAL (F:\2_Source\NW1951_NW2018_20SOP 上海佳点 BBU 控制器-V00\CODE\output\INITIAL.OBJ)
     00h     00abh     00abh    0000h      LOCAL    0         _OPA_CMPx_INITIAL (F:\2_Source\NW1951_NW2018_20SOP 上海佳点 BBU 控制器-V00\CODE\output\INITIAL.OBJ)
     00h     00a3h     00aah    0008h      LOCAL    10.5      _Sub_CMPx_Calibration (F:\2_Source\NW1951_NW2018_20SOP 上海佳点 BBU 控制器-V00\CODE\output\INITIAL.OBJ)
     00h     00a3h     00a3h    0000h      LOCAL    0         __DELAYX (C:\Program Files\Holtek MCU Development Tools\HT-IDE3000V7.x\LIB\LIBHOLTEKGCC.LIB)
     00h     00a3h     00a3h    0000h      LOCAL    0         _Crom2Prom (CROM2PROM)
     00h     00a3h     00a3h    0000h      LOCAL    0         _Sub_CMPx_Initialation (F:\2_Source\NW1951_NW2018_20SOP 上海佳点 BBU 控制器-V00\CODE\output\INITIAL.OBJ)
     00h     00a3h     00a3h    0000h      LOCAL    0         _CTM0_INITIAL (F:\2_Source\NW1951_NW2018_20SOP 上海佳点 BBU 控制器-V00\CODE\output\INITIAL.OBJ)
     00h     00a3h     00a3h    0000h      LOCAL    0         _ADC_INITIAL (F:\2_Source\NW1951_NW2018_20SOP 上海佳点 BBU 控制器-V00\CODE\output\INITIAL.OBJ)
     00h     00a3h     00a3h    0000h      LOCAL    0         _INTERRUPT_INITIAL (F:\2_Source\NW1951_NW2018_20SOP 上海佳点 BBU 控制器-V00\CODE\output\INITIAL.OBJ)
     00h     00a3h     00a3h    0000h      LOCAL    0         _RAM_INITIAL (F:\2_Source\NW1951_NW2018_20SOP 上海佳点 BBU 控制器-V00\CODE\output\INITIAL.OBJ)
     00h     00a9h     00a9h    0000h      LOCAL    0         _user_initial (F:\2_Source\NW1951_NW2018_20SOP 上海佳点 BBU 控制器-V00\CODE\output\INITIAL.OBJ)
     00h     00a5h     00a5h    0000h      LOCAL    0         _User_config_Read (F:\2_Source\NW1951_NW2018_20SOP 上海佳点 BBU 控制器-V00\CODE\output\EEPROM.OBJ)
     00h     00a3h     00a3h    0001h      LOCAL    1         _EEPROM_Read (F:\2_Source\NW1951_NW2018_20SOP 上海佳点 BBU 控制器-V00\CODE\output\EEPROM.OBJ)
     00h     00a3h     00a4h    0002h      LOCAL    5         _EEPROM_Write (F:\2_Source\NW1951_NW2018_20SOP 上海佳点 BBU 控制器-V00\CODE\output\EEPROM.OBJ)
     00h     00a7h     00a8h    0002h      LOCAL    4         _GetBattery_Level (F:\2_Source\NW1951_NW2018_20SOP 上海佳点 BBU 控制器-V00\CODE\output\ADC.OBJ)
     00h     00a3h     00a4h    0002h      LOCAL    2.5       _Delay_100XuS (F:\2_Source\NW1951_NW2018_20SOP 上海佳点 BBU 控制器-V00\CODE\output\FUNCTION.OBJ)
     00h     00a3h     00a3h    0000h      LOCAL    0         _ADC_Read (F:\2_Source\NW1951_NW2018_20SOP 上海佳点 BBU 控制器-V00\CODE\output\ADC.OBJ)
     00h     00a3h     00a6h    0004h      LOCAL    4.5       _get_calibration (F:\2_Source\NW1951_NW2018_20SOP 上海佳点 BBU 控制器-V00\CODE\output\FUNCTION.OBJ)
     00h     00a9h     00abh    0003h      LOCAL    5         _get_calibration_factor (F:\2_Source\NW1951_NW2018_20SOP 上海佳点 BBU 控制器-V00\CODE\output\FUNCTION.OBJ)
     00h     00a3h     00a3h    0000h      LOCAL    0         _builtin_holtek_uitof (C:\Program Files\Holtek MCU Development Tools\HT-IDE3000V7.x\LIB\LIBHOLTEKGCC.LIB)
     00h     00a3h     00a3h    0000h      LOCAL    0         _builtin_holtek_ftdiv (C:\Program Files\Holtek MCU Development Tools\HT-IDE3000V7.x\LIB\LIBHOLTEKGCC.LIB)
     00h     00a3h     00a3h    0000h      LOCAL    0         _builtin_holtek_ftdecode (C:\Program Files\Holtek MCU Development Tools\HT-IDE3000V7.x\LIB\LIBHOLTEKGCC.LIB)
     00h     00a3h     00a3h    0000h      LOCAL    0         _builtin_holtek_itof (C:\Program Files\Holtek MCU Development Tools\HT-IDE3000V7.x\LIB\LIBHOLTEKGCC.LIB)
     00h     00a3h     00a7h    0005h      LOCAL    6.8       _dtob (F:\2_Source\NW1951_NW2018_20SOP 上海佳点 BBU 控制器-V00\CODE\output\FUNCTION.OBJ)
     00h     00a3h     00a3h    0000h      LOCAL    0         _builtin_holtek_ftsubadd (C:\Program Files\Holtek MCU Development Tools\HT-IDE3000V7.x\LIB\LIBHOLTEKGCC.LIB)
     00h     00a3h     00a3h    0000h      LOCAL    0         _builtin_holtek_dtsubadd (C:\Program Files\Holtek MCU Development Tools\HT-IDE3000V7.x\LIB\LIBHOLTEKGCC.LIB)
     00h     00a3h     00a3h    0000h      LOCAL    0         _builtin_holtek_dtdecode (C:\Program Files\Holtek MCU Development Tools\HT-IDE3000V7.x\LIB\LIBHOLTEKGCC.LIB)
     00h     00a5h     00a5h    0000h      LOCAL    0         _User_config_store (F:\2_Source\NW1951_NW2018_20SOP 上海佳点 BBU 控制器-V00\CODE\output\EEPROM.OBJ)
     00h     00a3h     00a3h    0001h      LOCAL    4         _bbu_detetedmode (F:\2_Source\NW1951_NW2018_20SOP 上海佳点 BBU 控制器-V00\CODE\output\FUNCTION.OBJ)
     00h     00a3h     00a3h    0000h      LOCAL    0         _key_scan (F:\2_Source\NW1951_NW2018_20SOP 上海佳点 BBU 控制器-V00\CODE\output\KEY.OBJ)
     00h     00a3h     00a3h    0000h      LOCAL    0         _led_display (F:\2_Source\NW1951_NW2018_20SOP 上海佳点 BBU 控制器-V00\CODE\output\FUNCTION.OBJ)
     00h     00a9h     00a9h    0000h      LOCAL    0         _bbu_safety (F:\2_Source\NW1951_NW2018_20SOP 上海佳点 BBU 控制器-V00\CODE\output\FUNCTION.OBJ)
     00h     00a3h     00a3h    0000h      LOCAL    0         _bbu_poweroff (F:\2_Source\NW1951_NW2018_20SOP 上海佳点 BBU 控制器-V00\CODE\output\FUNCTION.OBJ)
     00h     00a9h     00a9h    0000h      LOCAL    0         _bbu_charge (F:\2_Source\NW1951_NW2018_20SOP 上海佳点 BBU 控制器-V00\CODE\output\FUNCTION.OBJ)
     00h     00a9h     00a9h    0000h      LOCAL    0         _bbu_discharge (F:\2_Source\NW1951_NW2018_20SOP 上海佳点 BBU 控制器-V00\CODE\output\FUNCTION.OBJ)

     Indepentent Local Sections

     Bank    Start     End      Length     Class    AvgIns    Name
     00h     00a3h     00a3h    0000h      ILOCAL   0         _PPG_INITIAL (F:\2_Source\NW1951_NW2018_20SOP 上海佳点 BBU 控制器-V00\CODE\output\INITIAL.OBJ)
     00h     00a3h     00a3h    0000h      ILOCAL   0         _PCK_INITIAL (F:\2_Source\NW1951_NW2018_20SOP 上海佳点 BBU 控制器-V00\CODE\output\INITIAL.OBJ)
     00h     00a3h     00a3h    0000h      ILOCAL   0         _TMR_INITIAL (F:\2_Source\NW1951_NW2018_20SOP 上海佳点 BBU 控制器-V00\CODE\output\INITIAL.OBJ)
     00h     00a3h     00a3h    0000h      ILOCAL   0         _CTM1_INITIAL (F:\2_Source\NW1951_NW2018_20SOP 上海佳点 BBU 控制器-V00\CODE\output\INITIAL.OBJ)
     00h     00a3h     00a3h    0000h      ILOCAL   0         _builtin_holtek_ftnorm (C:\Program Files\Holtek MCU Development Tools\HT-IDE3000V7.x\LIB\LIBHOLTEKGCC.LIB)
     00h     00a3h     00a3h    0000h      ILOCAL   0         _builtin_holtek_dtnorm (C:\Program Files\Holtek MCU Development Tools\HT-IDE3000V7.x\LIB\LIBHOLTEKGCC.LIB)
     00h     00a3h     00a3h    0000h      ILOCAL   0         _builtin_holtek_ftinf (C:\Program Files\Holtek MCU Development Tools\HT-IDE3000V7.x\LIB\LIBHOLTEKGCC.LIB)
     00h     00a3h     00a3h    0000h      ILOCAL   0         _builtin_holtek_dtinf (C:\Program Files\Holtek MCU Development Tools\HT-IDE3000V7.x\LIB\LIBHOLTEKGCC.LIB)

     Public Symbols Information
     Address            Public by Name
     002dh              _ADC_INITIAL
     080ah              _ADC_Read
     030dh              _CTM0_INITIAL
     0323h              _CTM1_INITIAL
     0012h              _Crom2Prom
     0011h              _Crom2PromNext
     0433h              _Delay_100XuS
     08b6h              _EEPROM_Read
     08c9h              _EEPROM_Write
     0837h              _GetBattery_Level
     02dah              _INTERRUPT_INITIAL
     02bbh              _IO_INITIAL
     0008h              _Interrupt_CMP0_SYNC_ISR
     000ch              _Interrupt_CMP1_OV_ISR
     0010h              _Interrupt_CMP2_ZC_ISR
     0014h              _Interrupt_CMP3_VSUG_ISR
     0018h              _Interrupt_CMP4_OC_ISR
     037eh              _Interrupt_CTM0_CCRA
     03f7h              _Interrupt_CTM1_CCRA
     03feh              _Interrupt_INT1_LVD
     0377h              _Interrupt_PTM0_CCRA
     001ch              _Interrupt_SYNC_ISR
     0028h              _Interrupt_TB1_ISR
     002ch              _Interrupt_TMR_ISR
     027fh              _OPA_CMPx_INITIAL
     000dh              _PCK_INITIAL
     02f9h              _PPG_INITIAL
     02e3h              _RAM_INITIAL
     031bh              _RESET_INITIAL
     00bdh              _R_ADC_Count
     00e4h              _R_IIC_DataBuffer
     00edh              _R_KeyBuffer
     00efh              _R_MachinCode
     00e1h              _R_UartData
     00d9h              _R_UartData_Buf
     00d7h              _R_UartData_Idx
     00e2h              _R_UartStatus
     00d8h              _R_Uart_active
     00bah              _R_adc_channel
     00c3h              _R_batchg_cnt
     00b9h              _R_batlvl_cnt
     00b8h              _R_batlvl_cnt1
     00ceh              _R_batlvl_cnt2
     00c0h              _R_batlvl_cnt3
     00cbh              _R_calibration_cnt
     00b6h              _R_calibration_k
     00c2h              _R_calibration_pos
     00b7h              _R_change_cnt
     00cdh              _R_charging_cnt
     00cch              _R_full_cnt
     00e3h              _R_iicPoint
     00beh              _R_intADC_Sum
     00b2h              _R_intADC_Vbat
     00f1h              _R_intADC_charge_i
     00d4h              _R_intADC_mot_i
     00bbh              _R_intADC_mot_sum
     00cfh              _R_intchargetime
     00c9h              _R_intkeydebounce
     00b4h              _R_intlowv2off_cnt
     00c4h              _R_intsettime
     00c6h              _R_inttime1min
     00c1h              _R_lowI2off_cnt
     00c8h              _R_time10s
     00f3h              _R_time1s
     00d3h              _R_time200ms
     00d1h              _R_time20s
     00d2h              _R_time3s
     00d6h              _R_time500ms
     00afh              _R_workmode
     02adh              _SYS_INITIAL
     0182h              _Sub_CMPx_Calibration
     00a3h              _Sub_CMPx_Calibration_2
     0269h              _Sub_CMPx_Initialation
     0308h              _TMR_INITIAL
     08ddh              _User_config_Read
     0909h              _User_config_store
     094dh              __DELAYX0
     094ch              __DELAYX1
     094bh              __DELAYX2
     094ah              __DELAYX3
     0949h              __DELAYX4
     0948h              __DELAYX5
     0947h              __DELAYX6
     0497h              _bbu_charge
     043fh              _bbu_detetedmode
     0578h              _bbu_discharge
     047bh              _bbu_poweroff
     062eh              _bbu_safety
     0076h              _builtin_holtek_dtadd
     0141h              _builtin_holtek_dtdecode1
     0136h              _builtin_holtek_dtdecode2
     001dh              _builtin_holtek_dtinf
     014eh              _builtin_holtek_dtnorm
     0074h              _builtin_holtek_dtsub
     0149h              _builtin_holtek_dtzero
     014ch              _builtin_holtek_dtzero1
     008bh              _builtin_holtek_exp1
     0091h              _builtin_holtek_exp2
     008dh              _builtin_holtek_floatflag
     0042h              _builtin_holtek_ftadd
     00fbh              _builtin_holtek_ftdecode1
     00f1h              _builtin_holtek_ftdecode2
     00b2h              _builtin_holtek_ftdiv
     0001h              _builtin_holtek_ftinf
     0107h              _builtin_holtek_ftnorm
     0040h              _builtin_holtek_ftsub
     0103h              _builtin_holtek_ftzero
     0105h              _builtin_holtek_ftzero1
     00e4h              _builtin_holtek_itof
     0088h              _builtin_holtek_mant1
     0095h              _builtin_holtek_mant12p
     008eh              _builtin_holtek_mant2
     0092h              _builtin_holtek_prod
     008ch              _builtin_holtek_signs
     00edh              _builtin_holtek_uitof
     0699h              _dtob
     00adh              _flag0
     00aeh              _flag1
     00b0h              _flag2
     00ach              _flag3
     00b1h              _flagtime
     07c1h              _get_calibration
     0742h              _get_calibration_factor
     0922h              _key_scan
     065ah              _led_display
     0404h              _main
     032fh              _user_initial
     0098h              r124
     009ah              r134
     009fh              r138
     00a1h              r13c
     0099h              r224
     009bh              r234
     00a0h              r238
     00a2h              r23c
     0080h              ra
     009ch              ra34
     0081h              rb
     009dh              rb34
     0082h              rc
     009eh              rc34
     0083h              rd
     0084h              re
     0085h              rf
     0086h              rg
     0087h              rh

     Address            Public by Value
     0001h              _builtin_holtek_ftinf
     0008h              _Interrupt_CMP0_SYNC_ISR
     000ch              _Interrupt_CMP1_OV_ISR
     000dh              _PCK_INITIAL
     0010h              _Interrupt_CMP2_ZC_ISR
     0011h              _Crom2PromNext
     0012h              _Crom2Prom
     0014h              _Interrupt_CMP3_VSUG_ISR
     0018h              _Interrupt_CMP4_OC_ISR
     001ch              _Interrupt_SYNC_ISR
     001dh              _builtin_holtek_dtinf
     0028h              _Interrupt_TB1_ISR
     002ch              _Interrupt_TMR_ISR
     002dh              _ADC_INITIAL
     0040h              _builtin_holtek_ftsub
     0042h              _builtin_holtek_ftadd
     0074h              _builtin_holtek_dtsub
     0076h              _builtin_holtek_dtadd
     0080h              ra
     0081h              rb
     0082h              rc
     0083h              rd
     0084h              re
     0085h              rf
     0086h              rg
     0087h              rh
     0088h              _builtin_holtek_mant1
     008bh              _builtin_holtek_exp1
     008ch              _builtin_holtek_signs
     008dh              _builtin_holtek_floatflag
     008eh              _builtin_holtek_mant2
     0091h              _builtin_holtek_exp2
     0092h              _builtin_holtek_prod
     0095h              _builtin_holtek_mant12p
     0098h              r124
     0099h              r224
     009ah              r134
     009bh              r234
     009ch              ra34
     009dh              rb34
     009eh              rc34
     009fh              r138
     00a0h              r238
     00a1h              r13c
     00a2h              r23c
     00a3h              _Sub_CMPx_Calibration_2
     00ach              _flag3
     00adh              _flag0
     00aeh              _flag1
     00afh              _R_workmode
     00b0h              _flag2
     00b1h              _flagtime
     00b2h              _builtin_holtek_ftdiv
     00b2h              _R_intADC_Vbat
     00b4h              _R_intlowv2off_cnt
     00b6h              _R_calibration_k
     00b7h              _R_change_cnt
     00b8h              _R_batlvl_cnt1
     00b9h              _R_batlvl_cnt
     00bah              _R_adc_channel
     00bbh              _R_intADC_mot_sum
     00bdh              _R_ADC_Count
     00beh              _R_intADC_Sum
     00c0h              _R_batlvl_cnt3
     00c1h              _R_lowI2off_cnt
     00c2h              _R_calibration_pos
     00c3h              _R_batchg_cnt
     00c4h              _R_intsettime
     00c6h              _R_inttime1min
     00c8h              _R_time10s
     00c9h              _R_intkeydebounce
     00cbh              _R_calibration_cnt
     00cch              _R_full_cnt
     00cdh              _R_charging_cnt
     00ceh              _R_batlvl_cnt2
     00cfh              _R_intchargetime
     00d1h              _R_time20s
     00d2h              _R_time3s
     00d3h              _R_time200ms
     00d4h              _R_intADC_mot_i
     00d6h              _R_time500ms
     00d7h              _R_UartData_Idx
     00d8h              _R_Uart_active
     00d9h              _R_UartData_Buf
     00e1h              _R_UartData
     00e2h              _R_UartStatus
     00e3h              _R_iicPoint
     00e4h              _builtin_holtek_itof
     00e4h              _R_IIC_DataBuffer
     00edh              _R_KeyBuffer
     00edh              _builtin_holtek_uitof
     00efh              _R_MachinCode
     00f1h              _R_intADC_charge_i
     00f1h              _builtin_holtek_ftdecode2
     00f3h              _R_time1s
     00fbh              _builtin_holtek_ftdecode1
     0103h              _builtin_holtek_ftzero
     0105h              _builtin_holtek_ftzero1
     0107h              _builtin_holtek_ftnorm
     0136h              _builtin_holtek_dtdecode2
     0141h              _builtin_holtek_dtdecode1
     0149h              _builtin_holtek_dtzero
     014ch              _builtin_holtek_dtzero1
     014eh              _builtin_holtek_dtnorm
     0182h              _Sub_CMPx_Calibration
     0269h              _Sub_CMPx_Initialation
     027fh              _OPA_CMPx_INITIAL
     02adh              _SYS_INITIAL
     02bbh              _IO_INITIAL
     02dah              _INTERRUPT_INITIAL
     02e3h              _RAM_INITIAL
     02f9h              _PPG_INITIAL
     0308h              _TMR_INITIAL
     030dh              _CTM0_INITIAL
     031bh              _RESET_INITIAL
     0323h              _CTM1_INITIAL
     032fh              _user_initial
     0377h              _Interrupt_PTM0_CCRA
     037eh              _Interrupt_CTM0_CCRA
     03f7h              _Interrupt_CTM1_CCRA
     03feh              _Interrupt_INT1_LVD
     0404h              _main
     0433h              _Delay_100XuS
     043fh              _bbu_detetedmode
     047bh              _bbu_poweroff
     0497h              _bbu_charge
     0578h              _bbu_discharge
     062eh              _bbu_safety
     065ah              _led_display
     0699h              _dtob
     0742h              _get_calibration_factor
     07c1h              _get_calibration
     080ah              _ADC_Read
     0837h              _GetBattery_Level
     08b6h              _EEPROM_Read
     08c9h              _EEPROM_Write
     08ddh              _User_config_Read
     0909h              _User_config_store
     0922h              _key_scan
     0947h              __DELAYX6
     0948h              __DELAYX5
     0949h              __DELAYX4
     094ah              __DELAYX3
     094bh              __DELAYX2
     094ch              __DELAYX1
     094dh              __DELAYX0


ROM Usage Statistics
     Size      Used     Percentage
     1000h     0945h    57%

RAM Usage Statistics
    Bank      Size      Used     Percentage
     00h       0080h     0074h    90%
     01h       0080h     0000h    0%
     Total     0100h     0074h    45%

Use Stack Count
_Interrupt_PTM0_CCRA: 0
_Interrupt_CTM0_CCRA: 0
_Interrupt_CTM1_CCRA: 0
_Interrupt_INT1_LVD: 0
_main: 4

Call Tree
    @dummy36
        _Interrupt_PTM0_CCRA (0)
    @dummy52
        _Interrupt_CTM0_CCRA (0)
    @dummy56
        _Interrupt_CTM1_CCRA (0)
    @dummy60
        _Interrupt_INT1_LVD (0)
    @dummy
        _main (0)
            _RESET_INITIAL (1)
                _SYS_INITIAL (2)
                _IO_INITIAL (2)
                _OPA_CMPx_INITIAL (2)
                    _Sub_CMPx_Calibration (3)
                        __DELAYX (4)
                        _Crom2Prom (4)
                    _Sub_CMPx_Initialation (3)
                _CTM0_INITIAL (2)
                _ADC_INITIAL (2)
                _INTERRUPT_INITIAL (2)
                _RAM_INITIAL (2)
            _user_initial (1)
                _User_config_Read (2)
                    _EEPROM_Read (3)
                    _EEPROM_Write (3)
                _GetBattery_Level (2)
                    _Delay_100XuS (3)
                        __DELAYX (4)
                    _ADC_Read (3)
                    _get_calibration (3)
            _get_calibration_factor (1)
                _GetBattery_Level (2)
                    _Delay_100XuS (3)
                        __DELAYX (4)
                    _ADC_Read (3)
                    _get_calibration (3)
                _builtin_holtek_uitof (2)
                _builtin_holtek_ftdiv (2)
                    _builtin_holtek_ftdecode (3)
                _builtin_holtek_itof (2)
                _dtob (2)
                    _builtin_holtek_ftsubadd (3)
                        _builtin_holtek_ftdecode (4)
                    _builtin_holtek_dtsubadd (3)
                        _builtin_holtek_dtdecode (4)
                    _builtin_holtek_ftsubadd (3)
                        _builtin_holtek_ftdecode (4)
                _User_config_store (2)
                    _EEPROM_Write (3)
            _bbu_detetedmode (1)
            _key_scan (1)
            _led_display (1)
            _bbu_safety (1)
                _GetBattery_Level (2)
                    _Delay_100XuS (3)
                        __DELAYX (4)
                    _ADC_Read (3)
                    _get_calibration (3)
            _bbu_poweroff (1)
            _bbu_charge (1)
                _GetBattery_Level (2)
                    _Delay_100XuS (3)
                        __DELAYX (4)
                    _ADC_Read (3)
                    _get_calibration (3)
            _bbu_discharge (1)
                _GetBattery_Level (2)
                    _Delay_100XuS (3)
                        __DELAYX (4)
                    _ADC_Read (3)
                    _get_calibration (3)

HLINK : 程序的开始执行点在程序段'@code'（地址0）。定义在'F:\2_Source\NW1951_NW2018_20SOP 上海佳点 BBU 控制器-V00\CODE\output\MAIN.OBJ' 文件中

错误总数 : 0  警告总数 : 0
